create extension if not exists plmustache;
NOTICE:  extension "plmustache" already exists, skipping
\echo

create or replace function bool_section(x1 text, x2 bool) returns text as $$
Section: {{#x2}}Show {{x1}}{{/x2}}
$$ language plmustache;
\echo

select bool_section('Something', true);
      bool_section       
-------------------------
 Section: Show Something
(1 row)

select bool_section('Something', false);
 bool_section 
--------------
 Section: 
(1 row)

create or replace function bool_section_inverted(x1 text, x2 bool) returns text as $$
Section: Show {{#x2}}{{x1}}{{/x2}}{{^x2}}Nothing{{/x2}}
$$ language plmustache;
\echo

select bool_section_inverted('Something', true);
  bool_section_inverted  
-------------------------
 Section: Show Something
(1 row)

select bool_section_inverted('Something', false);
 bool_section_inverted 
-----------------------
 Section: Show Nothing
(1 row)

create or replace function foo_test(foo text) returns text as $$
{{#foo}}foo is {{foo}}{{/foo}}
$$ language plmustache;
\echo

select foo_test('bar');
  foo_test  
------------
 foo is bar
(1 row)

create or replace function foo_test(foo bool) returns text as $$
foo is {{#foo}}{{foo}}{{/foo}}{{^foo}}{{foo}}{{/foo}}
$$ language plmustache;
\echo

select foo_test(true);
 foo_test 
----------
 foo is t
(1 row)

select foo_test(false);
 foo_test 
----------
 foo is f
(1 row)

create or replace function foo_null_test(foo bool) returns text as $$
foo is {{#foo}}full{{/foo}}{{^foo}}null{{/foo}}
$$ language plmustache;
select foo_null_test(null);
 foo_null_test 
---------------
 foo is null
(1 row)

select foo_null_test(true);
 foo_null_test 
---------------
 foo is full
(1 row)

